#! /usr/bin/vvp
:ivl_version "10.3 (stable)";
:ivl_delay_selection "TYPICAL";
:vpi_time_precision - 12;
:vpi_module "system";
:vpi_module "vhdl_sys";
:vpi_module "v2005_math";
:vpi_module "va_math";
S_0x556dc4a95150 .scope module, "hola_tb" "hola_tb" 2 7;
 .timescale -9 -12;
v0x556dc4ad94c0_0 .var "A", 0 0;
v0x556dc4ad9560_0 .net "B", 0 0, L_0x556dc4ad9630;  1 drivers
S_0x556dc4a952d0 .scope module, "my_hola" "hola" 2 10, 2 3 0, S_0x556dc4a95150;
 .timescale -9 -12;
    .port_info 0 /INPUT 1 "a"
    .port_info 1 /OUTPUT 1 "b"
L_0x556dc4ad9630 .functor BUFZ 1, v0x556dc4ad94c0_0, C4<0>, C4<0>, C4<0>;
v0x556dc4aa7ab0_0 .net "a", 0 0, v0x556dc4ad94c0_0;  1 drivers
v0x556dc4ad93a0_0 .net "b", 0 0, L_0x556dc4ad9630;  alias, 1 drivers
    .scope S_0x556dc4a95150;
T_0 ;
    %pushi/vec4 0, 0, 1;
    %store/vec4 v0x556dc4ad94c0_0, 0, 1;
    %delay 10000, 0;
    %pushi/vec4 1, 0, 1;
    %store/vec4 v0x556dc4ad94c0_0, 0, 1;
    %delay 10000, 0;
    %pushi/vec4 0, 0, 1;
    %store/vec4 v0x556dc4ad94c0_0, 0, 1;
    %delay 10000, 0;
    %pushi/vec4 1, 0, 1;
    %store/vec4 v0x556dc4ad94c0_0, 0, 1;
    %delay 10000, 0;
    %pushi/vec4 0, 0, 1;
    %store/vec4 v0x556dc4ad94c0_0, 0, 1;
    %vpi_call 2 18 "$dumpfile", "hola.vcd" {0 0 0};
    %vpi_call 2 19 "$dumpvars", 32'sb00000000000000000000000000000000, S_0x556dc4a95150 {0 0 0};
    %end;
    .thread T_0;
# The file index is used to find the file name in the following table.
:file_names 3;
    "N/A";
    "<interactive>";
    "hola.v";
